// Jest Snapshot v1, https://goo.gl/fbAQLP

exports[`Testing HeaderComponent HeaderComponent should render 1`] = `ShallowWrapper {}`;
